
╔════════════════════════════════════════════════════════════════╗
║                     单元测试报告                              ║
╚════════════════════════════════════════════════════════════════╝

📅 生成时间: 2026/7/4 16:31:25

━━━━━━━━━━━━━━━━━━━━━━━━━━━━━━━━━━━━━━━━━━━━━━━━━━━━━━━━━━━━━━
📈 测试结果摘要
━━━━━━━━━━━━━━━━━━━━━━━━━━━━━━━━━━━━━━━━━━━━━━━━━━━━━━━━━━━━━━

  ✅ 通过: 11
  ❌ 失败: 0
  ⏭️  跳过: 0
  📊 总计: 11

  通过率: 100.0%

━━━━━━━━━━━━━━━━━━━━━━━━━━━━━━━━━━━━━━━━━━━━━━━━━━━━━━━━━━━━━━
📋 测试详情
━━━━━━━━━━━━━━━━━━━━━━━━━━━━━━━━━━━━━━━━━━━━━━━━━━━━━━━━━━━━━━

  ✅ D:/AI/VibeCoding/moneyApp/src/__tests__/router.test.ts
     状态: 通过
     耗时: undefinedms

  ✅ D:/AI/VibeCoding/moneyApp/src/__tests__/types.test.ts
     状态: 通过
     耗时: undefinedms
